C - 3 - 4
M - 1 - 1
M - 2 - 2
A - 1 - 0 - S - 0
T - 0 - 3 - 2
T - 1 - 3 - 1
A - 1 - 2 - S - 0


